(-
  (+
    (+
      (%
        (- (const 3 (int32)))
        (const 2 (int32)))
      (*
        (const 4 (int32))
        (const 5 (int32))))
    (const 7 (int32)))
  (ident a))
