(?
  (ident a)
  (const 3 (int32))
  (?
    (ident b)
    (const 3 (int32))
    (const 4 (int32))))
